{
  "version": "1.5.0",
  "plugins_used": [
    {
      "name": "ArtifactoryDetector"
    },
    {
      "name": "AWSKeyDetector"
    },
    {
      "name": "AzureStorageKeyDetector"
    },
    {
      "name": "Base64HighEntropyString",
      "limit": 4.5
    },
    {
      "name": "BasicAuthDetector"
    },
    {
      "name": "CloudantDetector"
    },
    {
      "name": "DiscordBotTokenDetector"
    },
    {
      "name": "GitHubTokenDetector"
    },
    {
      "name": "GitLabTokenDetector"
    },
    {
      "name": "HexHighEntropyString",
      "limit": 3.0
    },
    {
      "name": "IbmCloudIamDetector"
    },
    {
      "name": "IbmCosHmacDetector"
    },
    {
      "name": "IPPublicDetector"
    },
    {
      "name": "JwtTokenDetector"
    },
    {
      "name": "KeywordDetector",
      "keyword_exclude": ""
    },
    {
      "name": "MailchimpDetector"
    },
    {
      "name": "NpmDetector"
    },
    {
      "name": "OpenAIDetector"
    },
    {
      "name": "PrivateKeyDetector"
    },
    {
      "name": "PypiTokenDetector"
    },
    {
      "name": "SendGridDetector"
    },
    {
      "name": "SlackDetector"
    },
    {
      "name": "SoftlayerDetector"
    },
    {
      "name": "SquareOAuthDetector"
    },
    {
      "name": "StripeDetector"
    },
    {
      "name": "TelegramBotTokenDetector"
    },
    {
      "name": "TwilioKeyDetector"
    }
  ],
  "filters_used": [
    {
      "path": "detect_secrets.filters.allowlist.is_line_allowlisted"
    },
    {
      "path": "detect_secrets.filters.common.is_baseline_file",
      "filename": ".secrets.baseline"
    },
    {
      "path": "detect_secrets.filters.common.is_ignored_due_to_verification_policies",
      "min_level": 2
    },
    {
      "path": "detect_secrets.filters.heuristic.is_indirect_reference"
    },
    {
      "path": "detect_secrets.filters.heuristic.is_likely_id_string"
    },
    {
      "path": "detect_secrets.filters.heuristic.is_lock_file"
    },
    {
      "path": "detect_secrets.filters.heuristic.is_not_alphanumeric_string"
    },
    {
      "path": "detect_secrets.filters.heuristic.is_potential_uuid"
    },
    {
      "path": "detect_secrets.filters.heuristic.is_prefixed_with_dollar_sign"
    },
    {
      "path": "detect_secrets.filters.heuristic.is_sequential_string"
    },
    {
      "path": "detect_secrets.filters.heuristic.is_swagger_file"
    },
    {
      "path": "detect_secrets.filters.heuristic.is_templated_secret"
    }
  ],
  "results": {
    ".devcontainer/setup.sh": [
      {
        "type": "Basic Auth Credentials",
        "filename": ".devcontainer/setup.sh",
        "hashed_secret": "5a3e0aec5289558a56b805225d579bf9ea2c8936",
        "is_verified": false,
        "line_number": 39,
        "is_secret": false
      }
    ],
    "Makefile": [
      {
        "type": "Basic Auth Credentials",
        "filename": "Makefile",
        "hashed_secret": "5a3e0aec5289558a56b805225d579bf9ea2c8936",
        "is_verified": false,
        "line_number": 59,
        "is_secret": false
      }
    ],
    "backend/.agent/skills/fastapi-templates/SKILL.md": [
      {
        "type": "Secret Keyword",
        "filename": "backend/.agent/skills/fastapi-templates/SKILL.md",
        "hashed_secret": "1c58bd92003bbaa0538e249fff6ee19a270dec5f",
        "is_verified": false,
        "line_number": 532,
        "is_secret": false
      }
    ],
    "backend/.agent/skills/python-anti-patterns/SKILL.md": [
      {
        "type": "Secret Keyword",
        "filename": "backend/.agent/skills/python-anti-patterns/SKILL.md",
        "hashed_secret": "4dd0eb345270efc47af3f55998ffc216437cc631",
        "is_verified": false,
        "line_number": 66,
        "is_secret": false
      }
    ],
    "backend/.agent/skills/python-testing-patterns/SKILL.md": [
      {
        "type": "Secret Keyword",
        "filename": "backend/.agent/skills/python-testing-patterns/SKILL.md",
        "hashed_secret": "3acfb2c2b433c0ea7ff107e33df91b18e52f960f",
        "is_verified": false,
        "line_number": 186,
        "is_secret": false
      },
      {
        "type": "Secret Keyword",
        "filename": "backend/.agent/skills/python-testing-patterns/SKILL.md",
        "hashed_secret": "82aeb9f3dbb0e40d4c7d9aba9afda6b2fb6d6ae0",
        "is_verified": false,
        "line_number": 452,
        "is_secret": false
      }
    ],
    "backend/.env.example": [
      {
        "type": "Basic Auth Credentials",
        "filename": "backend/.env.example",
        "hashed_secret": "9d4e1e23bd5b727046a9e3b4b7db57bd8d6ee684",
        "is_verified": false,
        "line_number": 5,
        "is_secret": false
      }
    ],
    "backend/alembic.ini": [
      {
        "type": "Basic Auth Credentials",
        "filename": "backend/alembic.ini",
        "hashed_secret": "9d4e1e23bd5b727046a9e3b4b7db57bd8d6ee684",
        "is_verified": false,
        "line_number": 89,
        "is_secret": false
      }
    ],
    "backend/alembic/versions/20260312200000_add_provider_fields_to_jobs.py": [
      {
        "type": "Hex High Entropy String",
        "filename": "backend/alembic/versions/20260312200000_add_provider_fields_to_jobs.py",
        "hashed_secret": "f6ccf7c0bea42cdad519e7e0e34397be81e6e550",
        "is_verified": false,
        "line_number": 17,
        "is_secret": false
      }
    ],
    "backend/alembic/versions/c18ff4a97d6e_add_phase_1_data_models.py": [
      {
        "type": "Hex High Entropy String",
        "filename": "backend/alembic/versions/c18ff4a97d6e_add_phase_1_data_models.py",
        "hashed_secret": "f6ccf7c0bea42cdad519e7e0e34397be81e6e550",
        "is_verified": false,
        "line_number": 17,
        "is_secret": false
      }
    ],
    "backend/app/utils/uuid_utils.py": [
      {
        "type": "Hex High Entropy String",
        "filename": "backend/app/utils/uuid_utils.py",
        "hashed_secret": "90c8743587e4c34185081378165bbb68495f8acb",
        "is_verified": false,
        "line_number": 7,
        "is_secret": false
      }
    ],
    "backend/tests/integration/api/test_providers.py": [
      {
        "type": "Secret Keyword",
        "filename": "backend/tests/integration/api/test_providers.py",
        "hashed_secret": "69dba6dfc0be932d10cdbfaae770c300cd7e0e3c",
        "is_verified": false,
        "line_number": 49,
        "is_secret": false
      },
      {
        "type": "Secret Keyword",
        "filename": "backend/tests/integration/api/test_providers.py",
        "hashed_secret": "3acfb2c2b433c0ea7ff107e33df91b18e52f960f",
        "is_verified": false,
        "line_number": 60,
        "is_secret": false
      },
      {
        "type": "Secret Keyword",
        "filename": "backend/tests/integration/api/test_providers.py",
        "hashed_secret": "4216a7e47c0ecc46c329b28be1e543e232e780c3",
        "is_verified": false,
        "line_number": 67,
        "is_secret": false
      },
      {
        "type": "Secret Keyword",
        "filename": "backend/tests/integration/api/test_providers.py",
        "hashed_secret": "e77427df92106192c87215fb685831286f72662a",
        "is_verified": false,
        "line_number": 71,
        "is_secret": false
      },
      {
        "type": "Secret Keyword",
        "filename": "backend/tests/integration/api/test_providers.py",
        "hashed_secret": "c734e47630dda71619c696d88381f06f7511bd78",
        "is_verified": false,
        "line_number": 80,
        "is_secret": false
      },
      {
        "type": "Secret Keyword",
        "filename": "backend/tests/integration/api/test_providers.py",
        "hashed_secret": "e9a5f12a8ecbb3eb46eca5096b5c52aa5e7c9fdd",
        "is_verified": false,
        "line_number": 93,
        "is_secret": false
      },
      {
        "type": "Secret Keyword",
        "filename": "backend/tests/integration/api/test_providers.py",
        "hashed_secret": "3bee216ebc256d692260fc3adc765050508fef5e",
        "is_verified": false,
        "line_number": 116,
        "is_secret": false
      }
    ],
    "backend/tests/integration/database/test_models.py": [
      {
        "type": "Basic Auth Credentials",
        "filename": "backend/tests/integration/database/test_models.py",
        "hashed_secret": "5a3e0aec5289558a56b805225d579bf9ea2c8936",
        "is_verified": false,
        "line_number": 11,
        "is_secret": false
      }
    ],
    "backend/tests/unit/models/test_registered_voter_tracking.py": [
      {
        "type": "Hex High Entropy String",
        "filename": "backend/tests/unit/models/test_registered_voter_tracking.py",
        "hashed_secret": "90bd1b48e958257948487b90bee080ba5ed00caa",
        "is_verified": false,
        "line_number": 21,
        "is_secret": false
      }
    ],
    "backend/tests/unit/ocr/clients/test_gemini_client.py": [
      {
        "type": "Secret Keyword",
        "filename": "backend/tests/unit/ocr/clients/test_gemini_client.py",
        "hashed_secret": "99058ec339b1b2f2be89b0d34cf56da97fd533c6",
        "is_verified": false,
        "line_number": 18,
        "is_secret": false
      }
    ],
    "backend/tests/unit/ocr/clients/test_mistral_client.py": [
      {
        "type": "Secret Keyword",
        "filename": "backend/tests/unit/ocr/clients/test_mistral_client.py",
        "hashed_secret": "5ca2d2455e67c602f0dc589deb3163a5525f2766",
        "is_verified": false,
        "line_number": 18,
        "is_secret": false
      }
    ],
    "backend/tests/unit/ocr/clients/test_openai_client.py": [
      {
        "type": "Secret Keyword",
        "filename": "backend/tests/unit/ocr/clients/test_openai_client.py",
        "hashed_secret": "2e7a7ee14caebf378fc32d6cf6f557f347c96773",
        "is_verified": false,
        "line_number": 21,
        "is_secret": false
      }
    ],
    "backend/tests/unit/settings/test_providers.py": [
      {
        "type": "Basic Auth Credentials",
        "filename": "backend/tests/unit/settings/test_providers.py",
        "hashed_secret": "9d4e1e23bd5b727046a9e3b4b7db57bd8d6ee684",
        "is_verified": false,
        "line_number": 45
      }
    ],
    "backend/tests/unit/utils/test_uuid_utils.py": [
      {
        "type": "Hex High Entropy String",
        "filename": "backend/tests/unit/utils/test_uuid_utils.py",
        "hashed_secret": "90c8743587e4c34185081378165bbb68495f8acb",
        "is_verified": false,
        "line_number": 19,
        "is_secret": false
      }
    ],
    "docker-compose.yml": [
      {
        "type": "Secret Keyword",
        "filename": "docker-compose.yml",
        "hashed_secret": "5a3e0aec5289558a56b805225d579bf9ea2c8936",
        "is_verified": false,
        "line_number": 35,
        "is_secret": false
      }
    ],
    "docs/configuration-modes.md": [
      {
        "type": "Basic Auth Credentials",
        "filename": "docs/configuration-modes.md",
        "hashed_secret": "a616a64c0fbc30f12287d0f24f3b90dd2e6a206e",
        "is_verified": false,
        "line_number": 59,
        "is_secret": false
      },
      {
        "type": "Basic Auth Credentials",
        "filename": "docs/configuration-modes.md",
        "hashed_secret": "5baa61e4c9b93f3f0682250b6cf8331b7ee68fd8",
        "is_verified": false,
        "line_number": 405,
        "is_secret": false
      }
    ],
    "docs/deployment/DEployment-guide.md": [
      {
        "type": "Basic Auth Credentials",
        "filename": "docs/deployment/DEployment-guide.md",
        "hashed_secret": "f51c9593563966ddadcf1805825adf18b4eb7cd2",
        "is_verified": false,
        "line_number": 10,
        "is_secret": false
      }
    ],
    "docs/running-locally.md": [
      {
        "type": "Basic Auth Credentials",
        "filename": "docs/running-locally.md",
        "hashed_secret": "5a3e0aec5289558a56b805225d579bf9ea2c8936",
        "is_verified": false,
        "line_number": 355,
        "is_secret": false
      },
      {
        "type": "Basic Auth Credentials",
        "filename": "docs/running-locally.md",
        "hashed_secret": "afc848c316af1a89d49826c5ae9d00ed769415f3",
        "is_verified": false,
        "line_number": 370,
        "is_secret": false
      }
    ],
    "frontend-svelt/.agent/skills/javascript-testing-patterns/SKILL.md": [
      {
        "type": "Secret Keyword",
        "filename": "frontend-svelt/.agent/skills/javascript-testing-patterns/SKILL.md",
        "hashed_secret": "cbfdac6008f9cab4083784cbd1874f76618d2a97",
        "is_verified": false,
        "line_number": 510,
        "is_secret": false
      },
      {
        "type": "Secret Keyword",
        "filename": "frontend-svelt/.agent/skills/javascript-testing-patterns/SKILL.md",
        "hashed_secret": "9fb7fe1217aed442b04c0f5e43b5d5a7d3287097",
        "is_verified": false,
        "line_number": 623,
        "is_secret": false
      },
      {
        "type": "Secret Keyword",
        "filename": "frontend-svelt/.agent/skills/javascript-testing-patterns/SKILL.md",
        "hashed_secret": "f409ce90a1cd144912d1df8620215b2dc9fda731",
        "is_verified": false,
        "line_number": 653,
        "is_secret": false
      }
    ],
    "frontend-svelt/.agent/skills/typescript-advanced-types/SKILL.md": [
      {
        "type": "Secret Keyword",
        "filename": "frontend-svelt/.agent/skills/typescript-advanced-types/SKILL.md",
        "hashed_secret": "a0f4ea7d91495df92bbac2e2149dfb850fe81396",
        "is_verified": false,
        "line_number": 527,
        "is_secret": false
      }
    ],
    "frontend-svelt/src/lib/constants/ocr.ts": [
      {
        "type": "Secret Keyword",
        "filename": "frontend-svelt/src/lib/constants/ocr.ts",
        "hashed_secret": "02ecb94373bfb3dfe827ca18409f50b016e8302a",
        "is_verified": false,
        "line_number": 4,
        "is_secret": false
      },
      {
        "type": "Secret Keyword",
        "filename": "frontend-svelt/src/lib/constants/ocr.ts",
        "hashed_secret": "fc38fdde6a318b8487ab5810d96e0cb3b9ac66e4",
        "is_verified": false,
        "line_number": 6,
        "is_secret": false
      },
      {
        "type": "Secret Keyword",
        "filename": "frontend-svelt/src/lib/constants/ocr.ts",
        "hashed_secret": "3e10d010e7dfb478858d30459fa03f3824340d47",
        "is_verified": false,
        "line_number": 10,
        "is_secret": false
      },
      {
        "type": "Secret Keyword",
        "filename": "frontend-svelt/src/lib/constants/ocr.ts",
        "hashed_secret": "413d09482cfe77731d5c11d3bd03ce478c096d5e",
        "is_verified": false,
        "line_number": 12,
        "is_secret": false
      },
      {
        "type": "Secret Keyword",
        "filename": "frontend-svelt/src/lib/constants/ocr.ts",
        "hashed_secret": "fbc8cff8359639c2cc4b0c135565e801ab38358f",
        "is_verified": false,
        "line_number": 16,
        "is_secret": false
      },
      {
        "type": "Secret Keyword",
        "filename": "frontend-svelt/src/lib/constants/ocr.ts",
        "hashed_secret": "cf2de01aeb402eef3927241680fc803c128913d0",
        "is_verified": false,
        "line_number": 18,
        "is_secret": false
      }
    ],
    "frontend-svelt/src/routes/auth/sign-in/+server.ts": [
      {
        "type": "Secret Keyword",
        "filename": "frontend-svelt/src/routes/auth/sign-in/+server.ts",
        "hashed_secret": "9bcb19ea640a06f742a6283d242df7c4df0473b8",
        "is_verified": false,
        "line_number": 10,
        "is_secret": false
      }
    ],
    "justfile": [
      {
        "type": "Basic Auth Credentials",
        "filename": "justfile",
        "hashed_secret": "5a3e0aec5289558a56b805225d579bf9ea2c8936",
        "is_verified": false,
        "line_number": 78,
        "is_secret": false
      }
    ],
    "openspec/SPEC.md": [
      {
        "type": "Secret Keyword",
        "filename": "openspec/SPEC.md",
        "hashed_secret": "ec3810e10fb78db55ce38b9c18d1c3eb1db739e0",
        "is_verified": false,
        "line_number": 315,
        "is_secret": false
      }
    ]
  },
  "generated_at": "2026-03-31T21:09:52Z"
}
